// Vitest Snapshot v1, https://vitest.dev/guide/snapshot.html

exports[`generate (keygen) > snapshot canary: fixed seed produces a pinned fingerprint 1`] = `
{
  "bpm": 177,
  "code": "2001-4D2P-F2DB-SQJM",
  "fingerprint": "ddc7d500",
  "key": {
    "mode": "naturalMinor",
    "tonic": 9,
  },
  "noteCounts": [
    [
      "Drums",
      431,
    ],
    [
      "Synth Bass",
      208,
    ],
    [
      "Saw Arp",
      960,
    ],
    [
      "Square Lead",
      116,
    ],
  ],
}
`;
