// Vitest Snapshot v1, https://vitest.dev/guide/snapshot.html

exports[`anime > canary 1`] = `
{
  "bpm": 129,
  "code": "2400-0000-0051-FRQ7",
  "fingerprint": "a83c74a8",
}
`;

exports[`blues > canary 1`] = `
{
  "bpm": 82,
  "code": "2800-0000-000B-3SCR",
  "fingerprint": "98a95255",
}
`;

exports[`dark academia > canary 1`] = `
{
  "bpm": 88,
  "code": "2C00-0000-005C-NQQJ",
  "fingerprint": "96f10a09",
}
`;

exports[`doomerrun (post-punk rhythm-game lane) > canary 1`] = `
{
  "bpm": 133,
  "code": "2Y00-0000-006G-1MQK",
  "fingerprint": "2831da55",
}
`;

exports[`doomerwave (song form, post-punk) > canary 1`] = `
{
  "bpm": 121,
  "code": "2W00-0000-000D-03BM",
  "fingerprint": "e7f225a4",
}
`;

exports[`eurobeat > canary 1`] = `
{
  "bpm": 154,
  "code": "2P00-0000-000E-P5RH",
  "fingerprint": "ee7f2d6f",
}
`;

exports[`grime (ex-Memphis phonk) > canary 1`] = `
{
  "bpm": 141,
  "code": "2E00-0000-007T-VRDE",
  "fingerprint": "d88331ef",
}
`;

exports[`grimerun > canary 1`] = `
{
  "bpm": 137,
  "code": "2T00-0000-0006-F283",
  "fingerprint": "fc0d5bc2",
}
`;

exports[`military > canary 1`] = `
{
  "bpm": 121,
  "code": "2A00-0000-0001-G4J9",
  "fingerprint": "d13d946b",
}
`;

exports[`musicbox > canary 1`] = `
{
  "bpm": 75,
  "code": "2M00-0000-000B-1H85",
  "fingerprint": "37327b0a",
}
`;

exports[`nightcore > canary 1`] = `
{
  "bpm": 160,
  "code": "2G00-0000-0000-S9Z6",
  "fingerprint": "f0ba1792",
}
`;

exports[`nightcorerun (nightcore rhythm-game lane) > canary 1`] = `
{
  "bpm": 181,
  "code": "3000-0000-000W-1QPP",
  "fingerprint": "d47587f5",
}
`;

exports[`noir (dark jazz, spec) > canary 1`] = `
{
  "bpm": 73,
  "code": "2200-0000-0000-F6WS",
  "fingerprint": "c68cda8f",
}
`;

exports[`outrun > canary 1`] = `
{
  "bpm": 124,
  "code": "2R00-0000-0000-0WPD",
  "fingerprint": "ba2116b1",
}
`;

exports[`phonk (drift, spec v3) > canary 1`] = `
{
  "bpm": 127,
  "code": "2600-0000-0391-YWVG",
  "fingerprint": "84d094c7",
}
`;

exports[`tune (naive loop) > canary 1`] = `
{
  "bpm": 141,
  "code": "2J00-0000-018Y-J4RH",
  "fingerprint": "3f31e6d3",
}
`;
